---
source: src/type_/tests.rs
expression: "analyse(r#\"\npub type User {\n  User\n}\n\npub fn main(user: User) {\n  user.name\n}\n\"#)"
---
Err(
    AnalyseError {
        error: UnsupportedFieldAccess {
            label: "name",
        },
        location: SrcSpan {
            start: 55,
            end: 64,
        },
    },
)
