---
source: src/type_/tests.rs
expression: "analyse(r#\"\npub fn identity(x: Int) -> Int {\n  x\n}\n\npub fn apply(callback: fn(Int) -> Int, value: Int) {\n  [1, 2, 3]\n  #(value, \"ok\")\n  callback(value)\n}\n\"#)"
---
Ok(
    Module {
        name: "main",
        path: "main.gleam",
        documentation: [],
        type_info: ModuleInterface {
            name: "main",
            types: {},
            values: {
                "apply": ValueConstructor {
                    publicity: Public,
                    variant: ModuleFn,
                    type_: Fn {
                        arguments: [
                            Fn {
                                arguments: [
                                    Named {
                                        module: "gleam",
                                        name: "Int",
                                        arguments: [],
                                    },
                                ],
                                return_: Named {
                                    module: "gleam",
                                    name: "Int",
                                    arguments: [],
                                },
                            },
                            Named {
                                module: "gleam",
                                name: "Int",
                                arguments: [],
                            },
                        ],
                        return_: Named {
                            module: "gleam",
                            name: "Int",
                            arguments: [],
                        },
                    },
                    parameter_labels: [],
                },
                "identity": ValueConstructor {
                    publicity: Public,
                    variant: ModuleFn,
                    type_: Fn {
                        arguments: [
                            Named {
                                module: "gleam",
                                name: "Int",
                                arguments: [],
                            },
                        ],
                        return_: Named {
                            module: "gleam",
                            name: "Int",
                            arguments: [],
                        },
                    },
                    parameter_labels: [],
                },
            },
        },
        definitions: TypedDefinitions {
            imports: [],
            custom_types: [],
            type_aliases: [],
            functions: [
                Function {
                    location: SrcSpan {
                        start: 5,
                        end: 16,
                    },
                    body_start: Some(
                        32,
                    ),
                    end_position: 39,
                    name: Some(
                        (
                            SrcSpan {
                                start: 8,
                                end: 16,
                            },
                            "identity",
                        ),
                    ),
                    arguments: [
                        Arg {
                            location: SrcSpan {
                                start: 17,
                                end: 23,
                            },
                            name: (
                                SrcSpan {
                                    start: 17,
                                    end: 18,
                                },
                                "x",
                            ),
                            annotation: Some(
                                Constructor {
                                    location: SrcSpan {
                                        start: 20,
                                        end: 23,
                                    },
                                    module: None,
                                    name: (
                                        SrcSpan {
                                            start: 20,
                                            end: 23,
                                        },
                                        "Int",
                                    ),
                                    arguments: [],
                                },
                            ),
                            type_: Named {
                                module: "gleam",
                                name: "Int",
                                arguments: [],
                            },
                        },
                    ],
                    body: [
                        Expression(
                            Var {
                                location: SrcSpan {
                                    start: 36,
                                    end: 37,
                                },
                                type_: Named {
                                    module: "gleam",
                                    name: "Int",
                                    arguments: [],
                                },
                                name: "x",
                            },
                        ),
                    ],
                    publicity: Public,
                    return_annotation: Some(
                        Constructor {
                            location: SrcSpan {
                                start: 28,
                                end: 31,
                            },
                            module: None,
                            name: (
                                SrcSpan {
                                    start: 28,
                                    end: 31,
                                },
                                "Int",
                            ),
                            arguments: [],
                        },
                    ),
                    return_type: Named {
                        module: "gleam",
                        name: "Int",
                        arguments: [],
                    },
                },
                Function {
                    location: SrcSpan {
                        start: 45,
                        end: 53,
                    },
                    body_start: Some(
                        92,
                    ),
                    end_position: 142,
                    name: Some(
                        (
                            SrcSpan {
                                start: 48,
                                end: 53,
                            },
                            "apply",
                        ),
                    ),
                    arguments: [
                        Arg {
                            location: SrcSpan {
                                start: 54,
                                end: 78,
                            },
                            name: (
                                SrcSpan {
                                    start: 54,
                                    end: 62,
                                },
                                "callback",
                            ),
                            annotation: Some(
                                Fn {
                                    location: SrcSpan {
                                        start: 64,
                                        end: 78,
                                    },
                                    arguments: [
                                        Constructor {
                                            location: SrcSpan {
                                                start: 67,
                                                end: 70,
                                            },
                                            module: None,
                                            name: (
                                                SrcSpan {
                                                    start: 67,
                                                    end: 70,
                                                },
                                                "Int",
                                            ),
                                            arguments: [],
                                        },
                                    ],
                                    return_: Constructor {
                                        location: SrcSpan {
                                            start: 75,
                                            end: 78,
                                        },
                                        module: None,
                                        name: (
                                            SrcSpan {
                                                start: 75,
                                                end: 78,
                                            },
                                            "Int",
                                        ),
                                        arguments: [],
                                    },
                                },
                            ),
                            type_: Fn {
                                arguments: [
                                    Named {
                                        module: "gleam",
                                        name: "Int",
                                        arguments: [],
                                    },
                                ],
                                return_: Named {
                                    module: "gleam",
                                    name: "Int",
                                    arguments: [],
                                },
                            },
                        },
                        Arg {
                            location: SrcSpan {
                                start: 80,
                                end: 90,
                            },
                            name: (
                                SrcSpan {
                                    start: 80,
                                    end: 85,
                                },
                                "value",
                            ),
                            annotation: Some(
                                Constructor {
                                    location: SrcSpan {
                                        start: 87,
                                        end: 90,
                                    },
                                    module: None,
                                    name: (
                                        SrcSpan {
                                            start: 87,
                                            end: 90,
                                        },
                                        "Int",
                                    ),
                                    arguments: [],
                                },
                            ),
                            type_: Named {
                                module: "gleam",
                                name: "Int",
                                arguments: [],
                            },
                        },
                    ],
                    body: [
                        Expression(
                            List {
                                location: SrcSpan {
                                    start: 96,
                                    end: 105,
                                },
                                type_: Named {
                                    module: "gleam",
                                    name: "List",
                                    arguments: [
                                        Named {
                                            module: "gleam",
                                            name: "Int",
                                            arguments: [],
                                        },
                                    ],
                                },
                                elements: [
                                    Int {
                                        location: SrcSpan {
                                            start: 97,
                                            end: 98,
                                        },
                                        type_: Named {
                                            module: "gleam",
                                            name: "Int",
                                            arguments: [],
                                        },
                                        value: "1",
                                        int_value: 1,
                                    },
                                    Int {
                                        location: SrcSpan {
                                            start: 100,
                                            end: 101,
                                        },
                                        type_: Named {
                                            module: "gleam",
                                            name: "Int",
                                            arguments: [],
                                        },
                                        value: "2",
                                        int_value: 2,
                                    },
                                    Int {
                                        location: SrcSpan {
                                            start: 103,
                                            end: 104,
                                        },
                                        type_: Named {
                                            module: "gleam",
                                            name: "Int",
                                            arguments: [],
                                        },
                                        value: "3",
                                        int_value: 3,
                                    },
                                ],
                            },
                        ),
                        Expression(
                            Tuple {
                                location: SrcSpan {
                                    start: 108,
                                    end: 122,
                                },
                                type_: Tuple {
                                    elements: [
                                        Named {
                                            module: "gleam",
                                            name: "Int",
                                            arguments: [],
                                        },
                                        Named {
                                            module: "gleam",
                                            name: "String",
                                            arguments: [],
                                        },
                                    ],
                                },
                                elements: [
                                    Var {
                                        location: SrcSpan {
                                            start: 110,
                                            end: 115,
                                        },
                                        type_: Named {
                                            module: "gleam",
                                            name: "Int",
                                            arguments: [],
                                        },
                                        name: "value",
                                    },
                                    String {
                                        location: SrcSpan {
                                            start: 117,
                                            end: 121,
                                        },
                                        type_: Named {
                                            module: "gleam",
                                            name: "String",
                                            arguments: [],
                                        },
                                        value: "ok",
                                    },
                                ],
                            },
                        ),
                        Expression(
                            Call {
                                location: SrcSpan {
                                    start: 125,
                                    end: 140,
                                },
                                type_: Named {
                                    module: "gleam",
                                    name: "Int",
                                    arguments: [],
                                },
                                fun: Var {
                                    location: SrcSpan {
                                        start: 125,
                                        end: 133,
                                    },
                                    type_: Fn {
                                        arguments: [
                                            Named {
                                                module: "gleam",
                                                name: "Int",
                                                arguments: [],
                                            },
                                        ],
                                        return_: Named {
                                            module: "gleam",
                                            name: "Int",
                                            arguments: [],
                                        },
                                    },
                                    name: "callback",
                                },
                                arguments: [
                                    CallArg {
                                        location: SrcSpan {
                                            start: 134,
                                            end: 139,
                                        },
                                        label: None,
                                        value: Var {
                                            location: SrcSpan {
                                                start: 134,
                                                end: 139,
                                            },
                                            type_: Named {
                                                module: "gleam",
                                                name: "Int",
                                                arguments: [],
                                            },
                                            name: "value",
                                        },
                                    },
                                ],
                                open_parenthesis: 133,
                            },
                        ),
                    ],
                    publicity: Public,
                    return_annotation: None,
                    return_type: Named {
                        module: "gleam",
                        name: "Int",
                        arguments: [],
                    },
                },
            ],
        },
    },
)
