---
source: src/type_/tests.rs
expression: "analyse(r#\"\npub fn sanitize(value: String) -> String {\n  value\n}\n\npub fn display(value: String) -> Nil {\n  Nil\n}\n\npub fn main(pair: #(Int, String)) {\n  pair.0\n  case pair.0 {\n    value if value == 1 -> pair.1 |> sanitize |> display\n    _ -> Nil\n  }\n}\n\"#)"
---
Ok(
    Module {
        name: "main",
        path: "main.gleam",
        documentation: [],
        type_info: ModuleInterface {
            name: "main",
            types: {},
            values: {
                "display": ValueConstructor {
                    publicity: Public,
                    variant: ModuleFn,
                    type_: Fn {
                        arguments: [
                            Named {
                                module: "gleam",
                                name: "String",
                                arguments: [],
                            },
                        ],
                        return_: Named {
                            module: "gleam",
                            name: "Nil",
                            arguments: [],
                        },
                    },
                    parameter_labels: [],
                },
                "main": ValueConstructor {
                    publicity: Public,
                    variant: ModuleFn,
                    type_: Fn {
                        arguments: [
                            Tuple {
                                elements: [
                                    Named {
                                        module: "gleam",
                                        name: "Int",
                                        arguments: [],
                                    },
                                    Named {
                                        module: "gleam",
                                        name: "String",
                                        arguments: [],
                                    },
                                ],
                            },
                        ],
                        return_: Named {
                            module: "gleam",
                            name: "Nil",
                            arguments: [],
                        },
                    },
                    parameter_labels: [],
                },
                "sanitize": ValueConstructor {
                    publicity: Public,
                    variant: ModuleFn,
                    type_: Fn {
                        arguments: [
                            Named {
                                module: "gleam",
                                name: "String",
                                arguments: [],
                            },
                        ],
                        return_: Named {
                            module: "gleam",
                            name: "String",
                            arguments: [],
                        },
                    },
                    parameter_labels: [],
                },
            },
        },
        definitions: TypedDefinitions {
            imports: [],
            custom_types: [],
            type_aliases: [],
            functions: [
                Function {
                    location: SrcSpan {
                        start: 5,
                        end: 16,
                    },
                    body_start: Some(
                        42,
                    ),
                    end_position: 53,
                    name: Some(
                        (
                            SrcSpan {
                                start: 8,
                                end: 16,
                            },
                            "sanitize",
                        ),
                    ),
                    arguments: [
                        Arg {
                            location: SrcSpan {
                                start: 17,
                                end: 30,
                            },
                            name: (
                                SrcSpan {
                                    start: 17,
                                    end: 22,
                                },
                                "value",
                            ),
                            annotation: Some(
                                Constructor {
                                    location: SrcSpan {
                                        start: 24,
                                        end: 30,
                                    },
                                    module: None,
                                    name: (
                                        SrcSpan {
                                            start: 24,
                                            end: 30,
                                        },
                                        "String",
                                    ),
                                    arguments: [],
                                },
                            ),
                            type_: Named {
                                module: "gleam",
                                name: "String",
                                arguments: [],
                            },
                        },
                    ],
                    body: [
                        Expression(
                            Var {
                                location: SrcSpan {
                                    start: 46,
                                    end: 51,
                                },
                                type_: Named {
                                    module: "gleam",
                                    name: "String",
                                    arguments: [],
                                },
                                name: "value",
                            },
                        ),
                    ],
                    publicity: Public,
                    return_annotation: Some(
                        Constructor {
                            location: SrcSpan {
                                start: 35,
                                end: 41,
                            },
                            module: None,
                            name: (
                                SrcSpan {
                                    start: 35,
                                    end: 41,
                                },
                                "String",
                            ),
                            arguments: [],
                        },
                    ),
                    return_type: Named {
                        module: "gleam",
                        name: "String",
                        arguments: [],
                    },
                },
                Function {
                    location: SrcSpan {
                        start: 59,
                        end: 69,
                    },
                    body_start: Some(
                        92,
                    ),
                    end_position: 101,
                    name: Some(
                        (
                            SrcSpan {
                                start: 62,
                                end: 69,
                            },
                            "display",
                        ),
                    ),
                    arguments: [
                        Arg {
                            location: SrcSpan {
                                start: 70,
                                end: 83,
                            },
                            name: (
                                SrcSpan {
                                    start: 70,
                                    end: 75,
                                },
                                "value",
                            ),
                            annotation: Some(
                                Constructor {
                                    location: SrcSpan {
                                        start: 77,
                                        end: 83,
                                    },
                                    module: None,
                                    name: (
                                        SrcSpan {
                                            start: 77,
                                            end: 83,
                                        },
                                        "String",
                                    ),
                                    arguments: [],
                                },
                            ),
                            type_: Named {
                                module: "gleam",
                                name: "String",
                                arguments: [],
                            },
                        },
                    ],
                    body: [
                        Expression(
                            Var {
                                location: SrcSpan {
                                    start: 96,
                                    end: 99,
                                },
                                type_: Named {
                                    module: "gleam",
                                    name: "Nil",
                                    arguments: [],
                                },
                                name: "Nil",
                            },
                        ),
                    ],
                    publicity: Public,
                    return_annotation: Some(
                        Constructor {
                            location: SrcSpan {
                                start: 88,
                                end: 91,
                            },
                            module: None,
                            name: (
                                SrcSpan {
                                    start: 88,
                                    end: 91,
                                },
                                "Nil",
                            ),
                            arguments: [],
                        },
                    ),
                    return_type: Named {
                        module: "gleam",
                        name: "Nil",
                        arguments: [],
                    },
                },
                Function {
                    location: SrcSpan {
                        start: 107,
                        end: 114,
                    },
                    body_start: Some(
                        137,
                    ),
                    end_position: 239,
                    name: Some(
                        (
                            SrcSpan {
                                start: 110,
                                end: 114,
                            },
                            "main",
                        ),
                    ),
                    arguments: [
                        Arg {
                            location: SrcSpan {
                                start: 115,
                                end: 135,
                            },
                            name: (
                                SrcSpan {
                                    start: 115,
                                    end: 119,
                                },
                                "pair",
                            ),
                            annotation: Some(
                                Tuple {
                                    location: SrcSpan {
                                        start: 121,
                                        end: 135,
                                    },
                                    elements: [
                                        Constructor {
                                            location: SrcSpan {
                                                start: 123,
                                                end: 126,
                                            },
                                            module: None,
                                            name: (
                                                SrcSpan {
                                                    start: 123,
                                                    end: 126,
                                                },
                                                "Int",
                                            ),
                                            arguments: [],
                                        },
                                        Constructor {
                                            location: SrcSpan {
                                                start: 128,
                                                end: 134,
                                            },
                                            module: None,
                                            name: (
                                                SrcSpan {
                                                    start: 128,
                                                    end: 134,
                                                },
                                                "String",
                                            ),
                                            arguments: [],
                                        },
                                    ],
                                },
                            ),
                            type_: Tuple {
                                elements: [
                                    Named {
                                        module: "gleam",
                                        name: "Int",
                                        arguments: [],
                                    },
                                    Named {
                                        module: "gleam",
                                        name: "String",
                                        arguments: [],
                                    },
                                ],
                            },
                        },
                    ],
                    body: [
                        Expression(
                            TupleIndex {
                                location: SrcSpan {
                                    start: 141,
                                    end: 147,
                                },
                                type_: Named {
                                    module: "gleam",
                                    name: "Int",
                                    arguments: [],
                                },
                                index: 0,
                                tuple: Var {
                                    location: SrcSpan {
                                        start: 141,
                                        end: 145,
                                    },
                                    type_: Tuple {
                                        elements: [
                                            Named {
                                                module: "gleam",
                                                name: "Int",
                                                arguments: [],
                                            },
                                            Named {
                                                module: "gleam",
                                                name: "String",
                                                arguments: [],
                                            },
                                        ],
                                    },
                                    name: "pair",
                                },
                            },
                        ),
                        Expression(
                            Case {
                                location: SrcSpan {
                                    start: 150,
                                    end: 237,
                                },
                                type_: Named {
                                    module: "gleam",
                                    name: "Nil",
                                    arguments: [],
                                },
                                subjects: [
                                    TupleIndex {
                                        location: SrcSpan {
                                            start: 155,
                                            end: 161,
                                        },
                                        type_: Named {
                                            module: "gleam",
                                            name: "Int",
                                            arguments: [],
                                        },
                                        index: 0,
                                        tuple: Var {
                                            location: SrcSpan {
                                                start: 155,
                                                end: 159,
                                            },
                                            type_: Tuple {
                                                elements: [
                                                    Named {
                                                        module: "gleam",
                                                        name: "Int",
                                                        arguments: [],
                                                    },
                                                    Named {
                                                        module: "gleam",
                                                        name: "String",
                                                        arguments: [],
                                                    },
                                                ],
                                            },
                                            name: "pair",
                                        },
                                    },
                                ],
                                clauses: [
                                    Clause {
                                        location: SrcSpan {
                                            start: 168,
                                            end: 220,
                                        },
                                        pattern: [
                                            Variable {
                                                location: SrcSpan {
                                                    start: 168,
                                                    end: 173,
                                                },
                                                name: "value",
                                                type_: Named {
                                                    module: "gleam",
                                                    name: "Int",
                                                    arguments: [],
                                                },
                                            },
                                        ],
                                        alternative_patterns: [],
                                        guard: Some(
                                            ClauseGuard {
                                                location: SrcSpan {
                                                    start: 177,
                                                    end: 187,
                                                },
                                                expression: BinOp {
                                                    location: SrcSpan {
                                                        start: 177,
                                                        end: 187,
                                                    },
                                                    type_: Named {
                                                        module: "gleam",
                                                        name: "Bool",
                                                        arguments: [],
                                                    },
                                                    operator: Eq,
                                                    operator_start: 183,
                                                    left: Var {
                                                        location: SrcSpan {
                                                            start: 177,
                                                            end: 182,
                                                        },
                                                        type_: Named {
                                                            module: "gleam",
                                                            name: "Int",
                                                            arguments: [],
                                                        },
                                                        name: "value",
                                                    },
                                                    right: Int {
                                                        location: SrcSpan {
                                                            start: 186,
                                                            end: 187,
                                                        },
                                                        type_: Named {
                                                            module: "gleam",
                                                            name: "Int",
                                                            arguments: [],
                                                        },
                                                        value: "1",
                                                        int_value: 1,
                                                    },
                                                },
                                            },
                                        ),
                                        then: Call {
                                            location: SrcSpan {
                                                start: 191,
                                                end: 220,
                                            },
                                            type_: Named {
                                                module: "gleam",
                                                name: "Nil",
                                                arguments: [],
                                            },
                                            fun: Var {
                                                location: SrcSpan {
                                                    start: 213,
                                                    end: 220,
                                                },
                                                type_: Fn {
                                                    arguments: [
                                                        Named {
                                                            module: "gleam",
                                                            name: "String",
                                                            arguments: [],
                                                        },
                                                    ],
                                                    return_: Named {
                                                        module: "gleam",
                                                        name: "Nil",
                                                        arguments: [],
                                                    },
                                                },
                                                name: "display",
                                            },
                                            arguments: [
                                                CallArg {
                                                    location: SrcSpan {
                                                        start: 191,
                                                        end: 209,
                                                    },
                                                    label: None,
                                                    value: Call {
                                                        location: SrcSpan {
                                                            start: 191,
                                                            end: 209,
                                                        },
                                                        type_: Named {
                                                            module: "gleam",
                                                            name: "String",
                                                            arguments: [],
                                                        },
                                                        fun: Var {
                                                            location: SrcSpan {
                                                                start: 201,
                                                                end: 209,
                                                            },
                                                            type_: Fn {
                                                                arguments: [
                                                                    Named {
                                                                        module: "gleam",
                                                                        name: "String",
                                                                        arguments: [],
                                                                    },
                                                                ],
                                                                return_: Named {
                                                                    module: "gleam",
                                                                    name: "String",
                                                                    arguments: [],
                                                                },
                                                            },
                                                            name: "sanitize",
                                                        },
                                                        arguments: [
                                                            CallArg {
                                                                location: SrcSpan {
                                                                    start: 191,
                                                                    end: 197,
                                                                },
                                                                label: None,
                                                                value: TupleIndex {
                                                                    location: SrcSpan {
                                                                        start: 191,
                                                                        end: 197,
                                                                    },
                                                                    type_: Named {
                                                                        module: "gleam",
                                                                        name: "String",
                                                                        arguments: [],
                                                                    },
                                                                    index: 1,
                                                                    tuple: Var {
                                                                        location: SrcSpan {
                                                                            start: 191,
                                                                            end: 195,
                                                                        },
                                                                        type_: Tuple {
                                                                            elements: [
                                                                                Named {
                                                                                    module: "gleam",
                                                                                    name: "Int",
                                                                                    arguments: [],
                                                                                },
                                                                                Named {
                                                                                    module: "gleam",
                                                                                    name: "String",
                                                                                    arguments: [],
                                                                                },
                                                                            ],
                                                                        },
                                                                        name: "pair",
                                                                    },
                                                                },
                                                            },
                                                        ],
                                                        open_parenthesis: 209,
                                                    },
                                                },
                                            ],
                                            open_parenthesis: 220,
                                        },
                                    },
                                    Clause {
                                        location: SrcSpan {
                                            start: 225,
                                            end: 233,
                                        },
                                        pattern: [
                                            Discard {
                                                name: "_",
                                                location: SrcSpan {
                                                    start: 225,
                                                    end: 226,
                                                },
                                                type_: Named {
                                                    module: "gleam",
                                                    name: "Int",
                                                    arguments: [],
                                                },
                                            },
                                        ],
                                        alternative_patterns: [],
                                        guard: None,
                                        then: Var {
                                            location: SrcSpan {
                                                start: 230,
                                                end: 233,
                                            },
                                            type_: Named {
                                                module: "gleam",
                                                name: "Nil",
                                                arguments: [],
                                            },
                                            name: "Nil",
                                        },
                                    },
                                ],
                            },
                        ),
                    ],
                    publicity: Public,
                    return_annotation: None,
                    return_type: Named {
                        module: "gleam",
                        name: "Nil",
                        arguments: [],
                    },
                },
            ],
        },
    },
)
